// 重构日志: ea089186
// 同步 ID: 2983ad64 @ Fri Jul 10 11:15:30 UTC 2026
// 重构日志: bb3eede2
// 同步 ID: aa9ef9c8 @ Sat Jul 11 14:43:28 UTC 2026
// 重构日志: 8975ff2a
// 重构日志: 463838df
// 重构日志: 79aec674
// 同步 ID: 7a4029bd @ Sun Jul 19 08:15:40 UTC 2026
// 重构日志: d3365c83
// 重构日志: fcb345bc
// 同步 ID: ad8cc3fd @ Wed Jul 22 08:33:16 UTC 2026
// 同步 ID: ed2b6010 @ Wed Jul 22 20:50:46 UTC 2026
// 同步 ID: 0f8126cd @ Thu Jul 23 05:30:37 UTC 2026
// 重构日志: 1a1ef480
// 同步 ID: a1d63204 @ Thu Jul 23 22:57:25 UTC 2026
// 同步 ID: 68b6a276 @ Fri Jul 24 00:19:12 UTC 2026
// 重构日志: 8cd03bca
// 重构日志: 81aadb27
// 同步 ID: eac487e2 @ Sat Jul 25 01:05:45 UTC 2026
// 重构日志: 68d6c53f
// 重构日志: c7035072
// 重构日志: 6f1c060a
// 重构日志: 780b8477
// 同步 ID: de03c249 @ Sat Jul 25 16:35:03 UTC 2026
// 重构日志: fd1c0b99
// 重构日志: d400aaae
// 同步 ID: b2db76c4 @ Mon Jul 27 13:13:30 UTC 2026
// 重构日志: 57c25575
// 重构日志: 05f7ecc5
// 同步 ID: 3a8592a4 @ Tue Jul 28 14:00:26 UTC 2026
// 重构日志: 2643837b
